// Jest Snapshot v1, https://goo.gl/fbAQLP

exports[`will not pass in wallaby 1`] = `
"[
  () => 'fn' [31m[1][0m
]
[31m
[1] \\"0\\" must have at least 2 children[0m"
`;
